#-----------------------------------------------------------
# Vivado v2019.2 (64-bit)
# SW Build 2708876 on Wed Nov  6 21:40:23 MST 2019
# IP Build 2700528 on Thu Nov  7 00:09:20 MST 2019
# Start of session at: Mon Sep 21 10:43:18 2020
# Process ID: 20380
# Current directory: C:/Users/39389/Desktop/Vivado_Workspace/PLtoPS_demo_3.1/PLtoPS_demo_3.1.runs/PLtoPSInterrupt_PLtoPSinterrupt_0_0_synth_1
# Command line: vivado.exe -log PLtoPSInterrupt_PLtoPSinterrupt_0_0.vds -product Vivado -mode batch -messageDb vivado.pb -notrace -source PLtoPSInterrupt_PLtoPSinterrupt_0_0.tcl
# Log file: C:/Users/39389/Desktop/Vivado_Workspace/PLtoPS_demo_3.1/PLtoPS_demo_3.1.runs/PLtoPSInterrupt_PLtoPSinterrupt_0_0_synth_1/PLtoPSInterrupt_PLtoPSinterrupt_0_0.vds
# Journal file: C:/Users/39389/Desktop/Vivado_Workspace/PLtoPS_demo_3.1/PLtoPS_demo_3.1.runs/PLtoPSInterrupt_PLtoPSinterrupt_0_0_synth_1\vivado.jou
#-----------------------------------------------------------
source PLtoPSInterrupt_PLtoPSinterrupt_0_0.tcl -notrace
